/Users/Giin/Desktop/Research/CUPID/cupid.R/Run.Cupid/Soil_Profile/soilP1.in
/Users/Giin/Desktop/Research/CUPID/cupid.R/Run.Cupid/Soil_Profile/soilP2.in
/Users/Giin/Desktop/Research/CUPID/cupid.R/Run.Cupid/Soil_Profile/soilP3.in
/Users/Giin/Desktop/Research/CUPID/cupid.R/Run.Cupid/Soil_Profile/soilP4.in
/Users/Giin/Desktop/Research/CUPID/cupid.R/Run.Cupid/Soil_Profile/soilP5.in
